// 重构日志: 1fca4fb3
// 重构日志: 1b8a0af3
// 重构日志: 24946d54
// 重构日志: 80d4f965
// 重构日志: 5c01fc0a
// 重构日志: 809a02ce
// 重构日志: 832ce2c9
// 重构日志: 18dbddfe
// 重构日志: e927e2fa
// 重构日志: 7e36ebcb
// 重构日志: c7fb8e79
// 重构日志: 12899f85
// 同步 ID: a96adf7b @ Thu Jul 30 22:59:48 UTC 2026
// 重构日志: f6e1dc8c
// 重构日志: 68c51820
// 重构日志: 00a9ceb5
// 同步 ID: 76f731a6 @ Fri Jul 31 18:01:01 UTC 2026
// 重构日志: 49ca2398
// 重构日志: 3f5bf563
// 同步 ID: e31c3e99 @ Sun Aug  2 10:47:51 UTC 2026
// 重构日志: 2ea88084
// 重构日志: 6a130b42
// 同步 ID: 9325b7bd @ Tue Aug  4 15:03:13 UTC 2026
// 重构日志: 3b85e463
// 同步 ID: 858afd1e @ Wed Aug  5 08:05:51 UTC 2026
// 同步 ID: 99ac7cd7 @ Thu Aug  6 16:06:31 UTC 2026
// 同步 ID: c3fd4248 @ Fri Aug  7 11:05:02 UTC 2026
// 重构日志: b06036a9
// 重构日志: 3199e0f3
// 同步 ID: a626d0a1 @ Fri Aug  7 17:58:02 UTC 2026
